[1/3] solveur de Dickman contre la table ...
      rho(2) = 0.30684 (table 0.30685)
      rho(3) = 0.04860 (table 0.04861)
      rho(4) = 0.00491 (table 0.00497)
[2/3] additivite des decalages s12 = s4 + s3 (10^7, u=2,3) ...
      u=2 c 1 : s4=+0.0833 s3=+0.0992 pred=1.3119 mes=1.3117 z=0.03
      u=2 c 5 : s4=+0.0833 s3=-0.1103 pred=0.9568 mes=0.9657 z=1.83
      u=2 c 7 : s4=-0.0909 s3=+0.0992 pred=1.0136 mes=1.0202 z=1.31
      u=2 c11 : s4=-0.0909 s3=-0.1103 pred=0.7166 mes=0.7028 z=3.30
      u=3 c 1 : s4=+0.1258 s3=+0.1428 pred=1.7304 mes=1.7315 z=0.06
      u=3 c 5 : s4=+0.1258 s3=-0.1979 pred=0.8586 mes=0.8670 z=0.70
      u=3 c 7 : s4=-0.1666 s3=+0.1428 pred=0.9512 mes=0.9589 z=0.61
      u=3 c11 : s4=-0.1666 s3=-0.1979 pred=0.4538 mes=0.4435 z=1.33
[3/3] terme croise C = D12/(D4*D3) : signes et contraction ...
      u=2 : 10^6 0.9848/1.0226/1.0211/0.9687 10^7 0.9881/1.0167/1.0158/0.9779   (c1/c5/c7/c11)
      u=3 : 10^6 0.9917/1.0202/1.0173/0.9589 10^7 0.9910/1.0186/1.0168/0.9653   (c1/c5/c7/c11)
      u=4 : 10^6 0.9869/1.0495/1.0405/0.8510 10^7 0.9900/1.0314/1.0271/0.9154   (c1/c5/c7/c11)
      u=5 : 10^6 0.9914/1.0525/1.0424/0.7545 10^7 0.9858/1.0685/1.0552/0.7358   (c1/c5/c7/c11)
      |C-1| moyen (u=2,3) : 10^6 0.02213 -> 10^7 0.01819 (contraction x1.22, attendu ~1,36)
[verdict] terme croise : VERT
[OK] 3.4 s
[hunt_log] trace ajoutee : terme-croise (4 cles, 0 drapeau(x))
