======================================================================
motif_espace.py  --  continuite de S sur l'espace des motifs
======================================================================

Motif de reference : H = [0, 2, 6]
Motif perturbe     : H'_P = {0, 2, 6 + M_P} avec M_P = prod(p <= P)
Produit eulerien   : P_max = 100000

S(H) a P_max = 100000 : 2.8582554749

     P          S(H_P)         ratio       epsilon     garde
--------------------------------------------------------------
     2    2.8582554749    1.00000000      0.00e+00        OK
     3    4.2873832124    1.50000000      5.00e-01        OK
     5    3.0624165803    1.07142857      7.14e-02        OK
     7    2.8857387006    1.00961538      9.62e-03        OK
    10    2.8857387006    1.00961538      9.62e-03        OK
    13    2.8595892259    1.00046663      4.67e-04        OK
    17    3.0551827520    1.06889772      6.89e-02        OK
    23    2.8715994826    1.00466858      4.67e-03        OK
    31    2.8805722198    1.00780782      7.81e-03        OK
    50    2.8601660735    1.00066845      6.68e-04        OK
    79    2.8582554749    1.00000000      0.00e+00        OK
   100    2.8645347462    1.00219689      2.20e-03        OK
   157    2.8751553722    1.00591266      5.91e-03        OK
   199    2.8599467503    1.00059172      5.92e-04        OK
--------------------------------------------------------------

Contraction entre echelles :
  epsilon(P=10)  = 9.62e-03
  epsilon(P=100) = 2.20e-03
  contraction    = 4.38  (garde : >= 2)

VERDICT : AUDIT VERT
  Continuite mesuree : epsilon(P) -> 0 quand P -> infinity.
  Theoreme T5 candidat confirme experimentalement.

Temps : 1.75 s
[OK]
