======================================================================
lecture_adelique.py -- serie singuliere comme nombre de Tamagawa
======================================================================

Reconstruction des six constantes (volumes locaux) a P = 1000000:
Motif        k         S_P(H)
------------------------------
jumeaux      2      1.3203237
cousins      2      1.3203237
sexy         2      2.6406474
triplet_A    3      2.8582492
triplet_B    3      2.8582492
quadruplet   4      4.1511826
------------------------------

Constante de queue adelique C_H (ancre a P = 5000000):
Motif             P=1e4      P=5e4      P=1e5      P=5e5      P=1e6   stable
------------------------------------------------------------------------------
jumeaux          1.1923     1.2056     1.2009     1.1256     1.0135       OK
cousins          1.1923     1.2056     1.2009     1.1256     1.0135       OK
sexy             2.3846     2.4113     2.4019     2.2513     2.0270       OK
triplet_A        7.7436     7.8301     7.7994     7.3103     6.5822       OK
triplet_B        7.7436     7.8301     7.7994     7.3103     6.5822       OK
quadruplet      22.4940    22.7443    22.6550    21.2343    19.1193       OK
------------------------------------------------------------------------------

Poignee de main externe :
  S(jumeaux) = 1.3203237
  2C2        = 1.3203236
  Deviation  = 8.96e-08

VERDICT : AUDIT VERT
  La lecture Tamagawa/adelique est confirmee.
  Toute serie singuliere de Hardy-Littlewood est un nombre de Tamagawa.

Temps : 90.85 s
[OK]
